[17:08:07] [INIT] KubeJS 2101.7.2-build.368; MC 2101 NeoForge
[17:08:07] [INIT] Loaded plugins:
[17:08:07] [INIT] - dev.latvian.mods.kubejs.plugin.builtin.BuiltinKubeJSPlugin
[17:08:07] [INIT] - dev.latvian.mods.kubejs.plugin.builtin.BuiltinKubeJSClientPlugin
[17:08:07] [INIT] - dev.latvian.mods.kubejs.integration.architectury.ArchitecturyIntegration
[17:08:07] [INIT] - pro.mikey.kubeutils.kubejs.KubeUtilsPlugin
[17:08:07] [INIT] - net.zhaiji.kubejscurios.kubejs.KubeJSCuriosPlugin
[17:08:07] [INIT] - dev.ftb.mods.ftbstuffnthings.integration.kubejs.KubeJSIntegration
[17:08:07] [INIT] - net.byAqua3.avaritia.compat.kubejs.AvaritiaKubeJSPlugin
[17:08:07] [INIT] - snownee.lychee.compat.kubejs.LycheeKubeJSPlugin
[17:08:07] [INIT] - com.starskyxiii.collapsible_groups.compat.kubejs.CollapsibleGroupsKubeJSPlugin
[17:08:07] [INIT] - dev.uncandango.kubejstweaks.kubejs.kjs71.plugin.KJSTPlugin
[17:08:07] [INIT] - dev.uncandango.kubejstweaks.kubejs.kjs72.plugin.KJSTPlugin
[17:08:07] [INIT] - net.liopyu.entityjs.EntityJSPlugin
[17:08:07] [INIT] - com.almostreliable.morejs.Plugin
[17:08:07] [INIT] - com.buuz135.replication.integration.kubejs.ReplicationKubeJSPlugin
[17:08:07] [INIT] - com.almostreliable.lootjs.kube.LootJSPlugin
[17:08:07] [INIT] - com.bobvarioa.kubejspowah.KubeJSPowahPlugin
[17:08:07] [INIT] - com.sunekaer.sdrp.neoforge.kubejs.SDRPKubeJSIntegration
[17:08:07] [INIT] - com.almostreliable.kubeio.KubePlugin
[17:08:07] [INIT] - dev.ftb.mods.ftbxmodcompat.neoforge.ftbquests.kubejs.FTBQuestsKubeJSPlugin
[17:08:07] [INIT] - dev.ftb.mods.ftbxmodcompat.neoforge.ftbchunks.kubejs.FTBChunksKubeJSPlugin
[17:08:07] [INIT] - dev.ftb.mods.ftbxmodcompat.neoforge.ftbteams.kubejs.FTBTeamsKubeJSPlugin
[17:08:07] [INIT] - dev.ftb.mods.ftbxmodcompat.neoforge.ftbfiltersystem.kubejs.FFSKubeJSPlugin
[17:08:07] [INIT] - com.almostreliable.kubeaa.KubePlugin
[17:08:07] [INIT] - com.klikli_dev.occultism_kubejs.KubeJSOccultismPlugin
[17:08:07] [INIT] - dev.latvian.mods.kubejs.mekanism.MekanismKubeJSPlugin
[17:08:07] [INIT] - fr.frinn.custommachinery.common.integration.kubejs.CustomMachineryKubeJSPlugin
[17:08:07] [INIT] - fr.frinn.custommachinerymekanism.common.integration.kubejs.CustomMachineryMekanismKubeJSPlugin
[17:08:07] [INIT] - dev.ftb.mods.ftbunearthed.integration.kubejs.UnearthedKubeJSPlugin
[17:08:07] [INIT] - com.glodblock.github.extendedae.xmod.kjs.KJSPlugin
[17:08:07] [INIT] - com.sammy.malum.compat.kubejs.MalumJSPlugin
[17:08:07] [INIT] - com.chen1335.renderjs.kubejs.RenderJSPlugin
[17:08:07] [INIT] - com.chen1335.renderjs.kubejs.RenderJSCommonPlugin
[17:08:07] [INIT] - com.leclowndu93150.chisel.compat.kubejs.ChiselKubeJSPlugin
[17:08:07] [INFO] client_scripts:tooltips.js#2: Loaded Java class 'net.minecraft.network.chat.Component'
[17:08:07] [INFO] Loaded script client_scripts:tooltips.js in 0.119 s
[17:08:07] [INFO] client_scripts:client_utils.js#1: Loaded Java class 'net.sirgrantd.magic_coins.config.ClientConfig'
[17:08:07] [INFO] Loaded script client_scripts:client_utils.js in 0.004 s
[17:08:07] [INFO] Loaded script client_scripts:data_received.js in 0.001 s
[17:08:07] [INFO] Loaded script client_scripts:jei.js in 0.002 s
[17:08:07] [INFO] client_scripts:lodestone.js#1: Loaded Java class 'team.lodestar.lodestone.handlers.ScreenshakeHandler'
[17:08:07] [INFO] client_scripts:lodestone.js#2: Loaded Java class 'team.lodestar.lodestone.systems.screenshake.ScreenshakeInstance'
[17:08:07] [INFO] client_scripts:lodestone.js#3: Loaded Java class 'team.lodestar.lodestone.systems.screenshake.ScreenshakeBuilder'
[17:08:07] [INFO] client_scripts:lodestone.js#5: Loaded Java class 'team.lodestar.lodestone.systems.easing.Easing'
[17:08:07] [INFO] Loaded script client_scripts:lodestone.js in 0.101 s
[17:08:07] [INFO] client_scripts:render.js#52: Loaded Java class 'com.mojang.math.Axis'
[17:08:07] [INFO] Loaded script client_scripts:render.js in 0.029 s
[17:08:07] [INFO] Loaded 6/6 KubeJS client scripts in 0.391 s with 0 errors and 0 warnings
[17:08:54] [INFO] Client resource reload complete!
